// Vitest Snapshot v1, https://vitest.dev/guide/snapshot.html

exports[`GifsApp > should render component properly 1`] = `
<div>
  <div
    class="content-center"
  >
    <h1>
      Buscador de GIFs
    </h1>
    <p>
      Descubre y comparte el GIF perfecto
    </p>
  </div>
  <div
    class="search-container"
  >
    <input
      id="search-input"
      placeholder="Busca lo que quieras"
      type="text"
      value=""
    />
    <button
      type="button"
    >
      Buscar
    </button>
  </div>
  <div
    class="previous-searches"
  >
    <h2>
      BÃºsquedas anteriores
    </h2>
    <ul
      class="previous-searches-list"
    />
  </div>
  <div
    class="gifs-container"
  />
</div>
`;
